// Jest Snapshot v1, https://goo.gl/fbAQLP

exports[`renders some text when provided 1`] = `
<div
  className="root"
  data-jsx={4093112822}
>
  <h3
    className="title"
    data-jsx={4093112822}
  >
    test title
  </h3>
  <style
    jsx={true}
  >
    
            .root {
              background-color: #000;
              text-align: center;
              padding: 10px 0;
            }
    
            .title {
              color: #b1cfcf;
              text-transform: none;
              font-size: 24px;
            }
          
  </style>
</div>
`;
