// Jest Snapshot v1, https://goo.gl/fbAQLP

exports[`renders some text when provided 1`] = `
<div
  className="root"
  data-jsx={3118200077}
>
  <h3
    className="title"
    data-jsx={3118200077}
  >
    test title
  </h3>
  <style
    jsx={true}
  >
    
            .root {
              background-color: #000;
              text-align: center;
            }
    
            .title {
              color: #b1cfcf
            }
          
  </style>
</div>
`;
