// Jest Snapshot v1, https://goo.gl/fbAQLP

exports[`renders some text when provided 1`] = `
<div
  className="jsx-96659203 root"
>
  <h3
    className="jsx-96659203 title"
  >
    test title
  </h3>
  
  <style
    jsx={true}
  >
    
        .root {
          font-family: "Brandon Grotesque", "brandon-grotesque", sans-serif;
          background-color: #000;
          text-align: center;
          padding: 10px 0;
        }

        .title {
          color: #b1cfcf;
          text-transform: none;
          font-size: 24px;
        }
    
  </style>
</div>
`;
