// Jest Snapshot v1, https://goo.gl/fbAQLP

exports[`renders correctly 1`] = `
<div
  className="signContainer"
  data-jsx={298085615}
>
  <div
    className="circle circle_blink"
    data-jsx={298085615}
  />
  <div
    className="liveSignContainer"
    data-jsx={298085615}
  >
    <div
      className="liveSign"
      data-jsx={298085615}
    >
      <div
        className=""
        data-jsx={298085615}
      >
        LIVE
      </div>
    </div>
  </div>
</div>
`;
