// Jest Snapshot v1, https://goo.gl/fbAQLP

exports[`renders correctly 1`] = `
<div
  className="jsx-1781503865 signContainer"
>
  <div
    className="jsx-1781503865 circle circle_blink"
  />
  <div
    className="jsx-1781503865 liveSignContainer"
  >
    <div
      className="jsx-1781503865 liveSign"
    >
      <div
        className="jsx-1781503865 "
      >
        LIVE
      </div>
    </div>
  </div>
</div>
`;
