// Jest Snapshot v1, https://goo.gl/fbAQLP

exports[`SterlingTitle should render correctly 1`] = `
ShallowWrapper {
  "length": 1,
  Symbol(enzyme.__root__): [Circular],
  Symbol(enzyme.__unrendered__): <SterlingTitle
    subTitle="Bar"
    theme={
      Object {
        "subTitle": Object {},
        "title": Object {},
      }
    }
    title="Foo"
  />,
  Symbol(enzyme.__renderer__): Object {
    "batchedUpdates": [Function],
    "getNode": [Function],
    "render": [Function],
    "simulateEvent": [Function],
    "unmount": [Function],
  },
  Symbol(enzyme.__node__): Object {
    "instance": null,
    "key": undefined,
    "nodeType": "host",
    "props": Object {
      "children": Array [
        <h4
          className="title"
          style={Object {}}
        >
          Foo
        </h4>,
        <p
          className="sub-title"
          style={Object {}}
        >
          Bar
        </p>,
      ],
      "className": "root",
    },
    "ref": null,
    "rendered": Array [
      Object {
        "instance": null,
        "key": undefined,
        "nodeType": "host",
        "props": Object {
          "children": "Foo",
          "className": "title",
          "style": Object {},
        },
        "ref": null,
        "rendered": "Foo",
        "type": "h4",
      },
      Object {
        "instance": null,
        "key": undefined,
        "nodeType": "host",
        "props": Object {
          "children": "Bar",
          "className": "sub-title",
          "style": Object {},
        },
        "ref": null,
        "rendered": "Bar",
        "type": "p",
      },
    ],
    "type": "div",
  },
  Symbol(enzyme.__nodes__): Array [
    Object {
      "instance": null,
      "key": undefined,
      "nodeType": "host",
      "props": Object {
        "children": Array [
          <h4
            className="title"
            style={Object {}}
          >
            Foo
          </h4>,
          <p
            className="sub-title"
            style={Object {}}
          >
            Bar
          </p>,
        ],
        "className": "root",
      },
      "ref": null,
      "rendered": Array [
        Object {
          "instance": null,
          "key": undefined,
          "nodeType": "host",
          "props": Object {
            "children": "Foo",
            "className": "title",
            "style": Object {},
          },
          "ref": null,
          "rendered": "Foo",
          "type": "h4",
        },
        Object {
          "instance": null,
          "key": undefined,
          "nodeType": "host",
          "props": Object {
            "children": "Bar",
            "className": "sub-title",
            "style": Object {},
          },
          "ref": null,
          "rendered": "Bar",
          "type": "p",
        },
      ],
      "type": "div",
    },
  ],
  Symbol(enzyme.__options__): Object {
    "adapter": ReactSixteenAdapter {
      "options": Object {
        "enableComponentDidUpdateOnSetState": true,
      },
    },
  },
}
`;
