// Jest Snapshot v1, https://goo.gl/fbAQLP

exports[`SubjectGuideList should render correctly 1`] = `
ShallowWrapper {
  "length": 1,
  Symbol(enzyme.__root__): [Circular],
  Symbol(enzyme.__unrendered__): <SubjectGuideList
    list={
      Array [
        Object {
          "anchorText": "Bar",
          "createLink": [MockFunction],
          "title": "Foo",
        },
        Object {
          "anchorText": "Bar",
          "createLink": [MockFunction],
          "title": "Foo",
        },
      ]
    }
  />,
  Symbol(enzyme.__renderer__): Object {
    "batchedUpdates": [Function],
    "getNode": [Function],
    "render": [Function],
    "simulateEvent": [Function],
    "unmount": [Function],
  },
  Symbol(enzyme.__node__): Object {
    "instance": null,
    "key": undefined,
    "nodeType": "host",
    "props": Object {
      "children": Array [
        <LeighTile
          anchorText="Bar"
          createLink={[MockFunction]}
          title="Foo"
        />,
        <LeighTile
          anchorText="Bar"
          createLink={[MockFunction]}
          title="Foo"
        />,
      ],
    },
    "ref": null,
    "rendered": Array [
      Object {
        "instance": null,
        "key": "leight-tile-Foo",
        "nodeType": "function",
        "props": Object {
          "anchorText": "Bar",
          "createLink": [MockFunction],
          "title": "Foo",
        },
        "ref": null,
        "rendered": null,
        "type": [Function],
      },
      Object {
        "instance": null,
        "key": "leight-tile-Foo",
        "nodeType": "function",
        "props": Object {
          "anchorText": "Bar",
          "createLink": [MockFunction],
          "title": "Foo",
        },
        "ref": null,
        "rendered": null,
        "type": [Function],
      },
    ],
    "type": "ul",
  },
  Symbol(enzyme.__nodes__): Array [
    Object {
      "instance": null,
      "key": undefined,
      "nodeType": "host",
      "props": Object {
        "children": Array [
          <LeighTile
            anchorText="Bar"
            createLink={[MockFunction]}
            title="Foo"
          />,
          <LeighTile
            anchorText="Bar"
            createLink={[MockFunction]}
            title="Foo"
          />,
        ],
      },
      "ref": null,
      "rendered": Array [
        Object {
          "instance": null,
          "key": "leight-tile-Foo",
          "nodeType": "function",
          "props": Object {
            "anchorText": "Bar",
            "createLink": [MockFunction],
            "title": "Foo",
          },
          "ref": null,
          "rendered": null,
          "type": [Function],
        },
        Object {
          "instance": null,
          "key": "leight-tile-Foo",
          "nodeType": "function",
          "props": Object {
            "anchorText": "Bar",
            "createLink": [MockFunction],
            "title": "Foo",
          },
          "ref": null,
          "rendered": null,
          "type": [Function],
        },
      ],
      "type": "ul",
    },
  ],
  Symbol(enzyme.__options__): Object {
    "adapter": ReactSixteenAdapter {
      "options": Object {
        "enableComponentDidUpdateOnSetState": true,
      },
    },
  },
}
`;
