// Jest Snapshot v1, https://goo.gl/fbAQLP

exports[`should render with an image and message 1`] = `
<div
  className="jsx-2181730630 telescope-details-offline"
>
  <h2
    className="jsx-2181730630"
  >
    OFFLINE
  </h2>
  <div
    className="jsx-2181730630"
  >
    <img
      alt="Telescope is currently offline"
      className="jsx-2181730630"
      height="350"
      src="https://vega.slooh.com/images/placeholders/telescope-offline.png"
    />
  </div>
  <div
    className="jsx-2181730630 offlineMessage"
  >
    <h5
      className="jsx-2181730630"
    >
      Missions are offline due to weather conditions.
    </h5>
  </div>
  <style
    jsx={true}
  >
    
      .telescope-details-offline {
        background: #fff;
        text-align: center;
        padding: 10px 0 40px;
      }

      .offlineMessage {
        color: #FC1048;
        text-align: center;
        padding-top: 20px;
      }

      .offlineMessage h5 {
        font-size: 18px;
      }
    
  </style>
</div>
`;
