// Jest Snapshot v1, https://goo.gl/fbAQLP

exports[`TiaraTitleSection should render correctly 1`] = `
ShallowWrapper {
  "length": 1,
  Symbol(enzyme.__root__): [Circular],
  Symbol(enzyme.__unrendered__): <TiaraTitleSection
    iconURL={
      Object {
        "process": [Function],
      }
    }
    preTitle="A guide to"
    title="The solar system"
  />,
  Symbol(enzyme.__renderer__): Object {
    "batchedUpdates": [Function],
    "getNode": [Function],
    "render": [Function],
    "simulateEvent": [Function],
    "unmount": [Function],
  },
  Symbol(enzyme.__node__): Object {
    "instance": null,
    "key": undefined,
    "nodeType": "host",
    "props": Object {
      "children": Array [
        <div
          className="jsx-3684912014 center-line"
        />,
        <CenterColumn
          theme={
            Object {
              "background": "url(https://vega.slooh.com/assets/v4/common/White_Paper_Subtle.png)",
              "position": "relative",
              "zIndex": "10",
            }
          }
        >
          <Medallion
            dimension={65}
            iconURL={
              Object {
                "process": [Function],
              }
            }
            theme={
              Object {
                "left": "50%",
                "position": "absolute",
                "top": "-20px",
                "transform": "translateX(-50%)",
                "zIndex": "20",
              }
            }
          />
          <HR
            theme={
              Object {
                "borderTop": "2px solid #c2a068",
                "top": "10px",
              }
            }
          />
          <HR
            theme={
              Object {
                "borderTop": "1px solid #e2b979",
                "top": "15px",
              }
            }
          />
          <h2
            className="jsx-3684912014 title"
          >
            <span
              className="jsx-3684912014 pre-title"
            >
              A guide to
            </span>
            The solar system
          </h2>
        </CenterColumn>,
        <JSXStyle
          css={
            Array [
              ".root.__jsx-style-dynamic-selector{position:relative;text-align:center;font-family:brandon-grotesque, sans-serif;color:#415671;background:url(https://vega.slooh.com/assets/v4/common/Dark_Pattern_Featured_LargeCanvas.png);padding-top:70px;}",
              ".center-line.__jsx-style-dynamic-selector{position:absolute;top:0;z-index:5;width:100%;height:100%;width:50%;border-right:2px solid #415671;}",
              ".title.__jsx-style-dynamic-selector{padding-top:95px;padding-bottom:60px;font-weight:300;text-transform:capitalize;}",
              ".pre-title.__jsx-style-dynamic-selector{display:block;text-transform:uppercase;font-weight:bold;-webkit-letter-spacing:2px;-moz-letter-spacing:2px;-ms-letter-spacing:2px;letter-spacing:2px;font-size:10px;margin-bottom:20px;}",
            ]
          }
          dynamic={
            Array [
              "brandon-grotesque, sans-serif",
              "#415671",
              "https://vega.slooh.com/assets/v4/common/Dark_Pattern_Featured_LargeCanvas.png",
              "#415671",
            ]
          }
          styleId="2477903028"
        />,
      ],
      "className": "jsx-3684912014 root",
    },
    "ref": null,
    "rendered": Array [
      Object {
        "instance": null,
        "key": undefined,
        "nodeType": "host",
        "props": Object {
          "className": "jsx-3684912014 center-line",
        },
        "ref": null,
        "rendered": null,
        "type": "div",
      },
      Object {
        "instance": null,
        "key": undefined,
        "nodeType": "function",
        "props": Object {
          "children": Array [
            <Medallion
              dimension={65}
              iconURL={
                Object {
                  "process": [Function],
                }
              }
              theme={
                Object {
                  "left": "50%",
                  "position": "absolute",
                  "top": "-20px",
                  "transform": "translateX(-50%)",
                  "zIndex": "20",
                }
              }
            />,
            <HR
              theme={
                Object {
                  "borderTop": "2px solid #c2a068",
                  "top": "10px",
                }
              }
            />,
            <HR
              theme={
                Object {
                  "borderTop": "1px solid #e2b979",
                  "top": "15px",
                }
              }
            />,
            <h2
              className="jsx-3684912014 title"
            >
              <span
                className="jsx-3684912014 pre-title"
              >
                A guide to
              </span>
              The solar system
            </h2>,
          ],
          "theme": Object {
            "background": "url(https://vega.slooh.com/assets/v4/common/White_Paper_Subtle.png)",
            "position": "relative",
            "zIndex": "10",
          },
        },
        "ref": null,
        "rendered": Array [
          Object {
            "instance": null,
            "key": undefined,
            "nodeType": "function",
            "props": Object {
              "dimension": 65,
              "iconURL": Object {
                "process": [Function],
              },
              "theme": Object {
                "left": "50%",
                "position": "absolute",
                "top": "-20px",
                "transform": "translateX(-50%)",
                "zIndex": "20",
              },
            },
            "ref": null,
            "rendered": null,
            "type": [Function],
          },
          Object {
            "instance": null,
            "key": undefined,
            "nodeType": "function",
            "props": Object {
              "theme": Object {
                "borderTop": "2px solid #c2a068",
                "top": "10px",
              },
            },
            "ref": null,
            "rendered": null,
            "type": [Function],
          },
          Object {
            "instance": null,
            "key": undefined,
            "nodeType": "function",
            "props": Object {
              "theme": Object {
                "borderTop": "1px solid #e2b979",
                "top": "15px",
              },
            },
            "ref": null,
            "rendered": null,
            "type": [Function],
          },
          Object {
            "instance": null,
            "key": undefined,
            "nodeType": "host",
            "props": Object {
              "children": Array [
                <span
                  className="jsx-3684912014 pre-title"
                >
                  A guide to
                </span>,
                "The solar system",
              ],
              "className": "jsx-3684912014 title",
            },
            "ref": null,
            "rendered": Array [
              Object {
                "instance": null,
                "key": undefined,
                "nodeType": "host",
                "props": Object {
                  "children": "A guide to",
                  "className": "jsx-3684912014 pre-title",
                },
                "ref": null,
                "rendered": "A guide to",
                "type": "span",
              },
              "The solar system",
            ],
            "type": "h2",
          },
        ],
        "type": [Function],
      },
      Object {
        "instance": null,
        "key": undefined,
        "nodeType": "class",
        "props": Object {
          "css": Array [
            ".root.__jsx-style-dynamic-selector{position:relative;text-align:center;font-family:brandon-grotesque, sans-serif;color:#415671;background:url(https://vega.slooh.com/assets/v4/common/Dark_Pattern_Featured_LargeCanvas.png);padding-top:70px;}",
            ".center-line.__jsx-style-dynamic-selector{position:absolute;top:0;z-index:5;width:100%;height:100%;width:50%;border-right:2px solid #415671;}",
            ".title.__jsx-style-dynamic-selector{padding-top:95px;padding-bottom:60px;font-weight:300;text-transform:capitalize;}",
            ".pre-title.__jsx-style-dynamic-selector{display:block;text-transform:uppercase;font-weight:bold;-webkit-letter-spacing:2px;-moz-letter-spacing:2px;-ms-letter-spacing:2px;letter-spacing:2px;font-size:10px;margin-bottom:20px;}",
          ],
          "dynamic": Array [
            "brandon-grotesque, sans-serif",
            "#415671",
            "https://vega.slooh.com/assets/v4/common/Dark_Pattern_Featured_LargeCanvas.png",
            "#415671",
          ],
          "styleId": "2477903028",
        },
        "ref": null,
        "rendered": null,
        "type": [Function],
      },
    ],
    "type": "div",
  },
  Symbol(enzyme.__nodes__): Array [
    Object {
      "instance": null,
      "key": undefined,
      "nodeType": "host",
      "props": Object {
        "children": Array [
          <div
            className="jsx-3684912014 center-line"
          />,
          <CenterColumn
            theme={
              Object {
                "background": "url(https://vega.slooh.com/assets/v4/common/White_Paper_Subtle.png)",
                "position": "relative",
                "zIndex": "10",
              }
            }
          >
            <Medallion
              dimension={65}
              iconURL={
                Object {
                  "process": [Function],
                }
              }
              theme={
                Object {
                  "left": "50%",
                  "position": "absolute",
                  "top": "-20px",
                  "transform": "translateX(-50%)",
                  "zIndex": "20",
                }
              }
            />
            <HR
              theme={
                Object {
                  "borderTop": "2px solid #c2a068",
                  "top": "10px",
                }
              }
            />
            <HR
              theme={
                Object {
                  "borderTop": "1px solid #e2b979",
                  "top": "15px",
                }
              }
            />
            <h2
              className="jsx-3684912014 title"
            >
              <span
                className="jsx-3684912014 pre-title"
              >
                A guide to
              </span>
              The solar system
            </h2>
          </CenterColumn>,
          <JSXStyle
            css={
              Array [
                ".root.__jsx-style-dynamic-selector{position:relative;text-align:center;font-family:brandon-grotesque, sans-serif;color:#415671;background:url(https://vega.slooh.com/assets/v4/common/Dark_Pattern_Featured_LargeCanvas.png);padding-top:70px;}",
                ".center-line.__jsx-style-dynamic-selector{position:absolute;top:0;z-index:5;width:100%;height:100%;width:50%;border-right:2px solid #415671;}",
                ".title.__jsx-style-dynamic-selector{padding-top:95px;padding-bottom:60px;font-weight:300;text-transform:capitalize;}",
                ".pre-title.__jsx-style-dynamic-selector{display:block;text-transform:uppercase;font-weight:bold;-webkit-letter-spacing:2px;-moz-letter-spacing:2px;-ms-letter-spacing:2px;letter-spacing:2px;font-size:10px;margin-bottom:20px;}",
              ]
            }
            dynamic={
              Array [
                "brandon-grotesque, sans-serif",
                "#415671",
                "https://vega.slooh.com/assets/v4/common/Dark_Pattern_Featured_LargeCanvas.png",
                "#415671",
              ]
            }
            styleId="2477903028"
          />,
        ],
        "className": "jsx-3684912014 root",
      },
      "ref": null,
      "rendered": Array [
        Object {
          "instance": null,
          "key": undefined,
          "nodeType": "host",
          "props": Object {
            "className": "jsx-3684912014 center-line",
          },
          "ref": null,
          "rendered": null,
          "type": "div",
        },
        Object {
          "instance": null,
          "key": undefined,
          "nodeType": "function",
          "props": Object {
            "children": Array [
              <Medallion
                dimension={65}
                iconURL={
                  Object {
                    "process": [Function],
                  }
                }
                theme={
                  Object {
                    "left": "50%",
                    "position": "absolute",
                    "top": "-20px",
                    "transform": "translateX(-50%)",
                    "zIndex": "20",
                  }
                }
              />,
              <HR
                theme={
                  Object {
                    "borderTop": "2px solid #c2a068",
                    "top": "10px",
                  }
                }
              />,
              <HR
                theme={
                  Object {
                    "borderTop": "1px solid #e2b979",
                    "top": "15px",
                  }
                }
              />,
              <h2
                className="jsx-3684912014 title"
              >
                <span
                  className="jsx-3684912014 pre-title"
                >
                  A guide to
                </span>
                The solar system
              </h2>,
            ],
            "theme": Object {
              "background": "url(https://vega.slooh.com/assets/v4/common/White_Paper_Subtle.png)",
              "position": "relative",
              "zIndex": "10",
            },
          },
          "ref": null,
          "rendered": Array [
            Object {
              "instance": null,
              "key": undefined,
              "nodeType": "function",
              "props": Object {
                "dimension": 65,
                "iconURL": Object {
                  "process": [Function],
                },
                "theme": Object {
                  "left": "50%",
                  "position": "absolute",
                  "top": "-20px",
                  "transform": "translateX(-50%)",
                  "zIndex": "20",
                },
              },
              "ref": null,
              "rendered": null,
              "type": [Function],
            },
            Object {
              "instance": null,
              "key": undefined,
              "nodeType": "function",
              "props": Object {
                "theme": Object {
                  "borderTop": "2px solid #c2a068",
                  "top": "10px",
                },
              },
              "ref": null,
              "rendered": null,
              "type": [Function],
            },
            Object {
              "instance": null,
              "key": undefined,
              "nodeType": "function",
              "props": Object {
                "theme": Object {
                  "borderTop": "1px solid #e2b979",
                  "top": "15px",
                },
              },
              "ref": null,
              "rendered": null,
              "type": [Function],
            },
            Object {
              "instance": null,
              "key": undefined,
              "nodeType": "host",
              "props": Object {
                "children": Array [
                  <span
                    className="jsx-3684912014 pre-title"
                  >
                    A guide to
                  </span>,
                  "The solar system",
                ],
                "className": "jsx-3684912014 title",
              },
              "ref": null,
              "rendered": Array [
                Object {
                  "instance": null,
                  "key": undefined,
                  "nodeType": "host",
                  "props": Object {
                    "children": "A guide to",
                    "className": "jsx-3684912014 pre-title",
                  },
                  "ref": null,
                  "rendered": "A guide to",
                  "type": "span",
                },
                "The solar system",
              ],
              "type": "h2",
            },
          ],
          "type": [Function],
        },
        Object {
          "instance": null,
          "key": undefined,
          "nodeType": "class",
          "props": Object {
            "css": Array [
              ".root.__jsx-style-dynamic-selector{position:relative;text-align:center;font-family:brandon-grotesque, sans-serif;color:#415671;background:url(https://vega.slooh.com/assets/v4/common/Dark_Pattern_Featured_LargeCanvas.png);padding-top:70px;}",
              ".center-line.__jsx-style-dynamic-selector{position:absolute;top:0;z-index:5;width:100%;height:100%;width:50%;border-right:2px solid #415671;}",
              ".title.__jsx-style-dynamic-selector{padding-top:95px;padding-bottom:60px;font-weight:300;text-transform:capitalize;}",
              ".pre-title.__jsx-style-dynamic-selector{display:block;text-transform:uppercase;font-weight:bold;-webkit-letter-spacing:2px;-moz-letter-spacing:2px;-ms-letter-spacing:2px;letter-spacing:2px;font-size:10px;margin-bottom:20px;}",
            ],
            "dynamic": Array [
              "brandon-grotesque, sans-serif",
              "#415671",
              "https://vega.slooh.com/assets/v4/common/Dark_Pattern_Featured_LargeCanvas.png",
              "#415671",
            ],
            "styleId": "2477903028",
          },
          "ref": null,
          "rendered": null,
          "type": [Function],
        },
      ],
      "type": "div",
    },
  ],
  Symbol(enzyme.__options__): Object {
    "adapter": ReactSixteenAdapter {
      "options": Object {
        "enableComponentDidUpdateOnSetState": true,
      },
    },
  },
}
`;
