// Jest Snapshot v1, https://goo.gl/fbAQLP

exports[`TiaraTitleSection should render correctly 1`] = `
ShallowWrapper {
  "length": 1,
  Symbol(enzyme.__root__): [Circular],
  Symbol(enzyme.__unrendered__): <TiaraTitleSection
    iconURL={
      Object {
        "process": [Function],
      }
    }
    preTitle="A guide to"
    title="The solar system"
  />,
  Symbol(enzyme.__renderer__): Object {
    "batchedUpdates": [Function],
    "getNode": [Function],
    "render": [Function],
    "simulateEvent": [Function],
    "unmount": [Function],
  },
  Symbol(enzyme.__node__): Object {
    "instance": null,
    "key": undefined,
    "nodeType": "host",
    "props": Object {
      "children": Array [
        <Medallion
          iconURL={
            Object {
              "process": [Function],
            }
          }
        />,
        <h2
          className="jsx-397832423 title"
        >
          <span
            className="jsx-397832423 pre-title"
          >
            A guide to
          </span>
          The solar system
        </h2>,
        <JSXStyle
          css={
            Array [
              ".root.__jsx-style-dynamic-selector{text-align:center;font-family:brandon-grotesque, sans-serif;color:#415671;}",
              ".title.__jsx-style-dynamic-selector{font-weight:300;text-transform:capitalize;}",
              ".pre-title.__jsx-style-dynamic-selector{display:block;text-transform:uppercase;font-weight:bold;-webkit-letter-spacing:2px;-moz-letter-spacing:2px;-ms-letter-spacing:2px;letter-spacing:2px;font-size:10px;margin-bottom:20px;}",
            ]
          }
          dynamic={
            Array [
              "brandon-grotesque, sans-serif",
              "#415671",
            ]
          }
          styleId="3557219577"
        />,
      ],
      "className": "jsx-397832423 root",
    },
    "ref": null,
    "rendered": Array [
      Object {
        "instance": null,
        "key": undefined,
        "nodeType": "function",
        "props": Object {
          "iconURL": Object {
            "process": [Function],
          },
        },
        "ref": null,
        "rendered": null,
        "type": [Function],
      },
      Object {
        "instance": null,
        "key": undefined,
        "nodeType": "host",
        "props": Object {
          "children": Array [
            <span
              className="jsx-397832423 pre-title"
            >
              A guide to
            </span>,
            "The solar system",
          ],
          "className": "jsx-397832423 title",
        },
        "ref": null,
        "rendered": Array [
          Object {
            "instance": null,
            "key": undefined,
            "nodeType": "host",
            "props": Object {
              "children": "A guide to",
              "className": "jsx-397832423 pre-title",
            },
            "ref": null,
            "rendered": "A guide to",
            "type": "span",
          },
          "The solar system",
        ],
        "type": "h2",
      },
      Object {
        "instance": null,
        "key": undefined,
        "nodeType": "class",
        "props": Object {
          "css": Array [
            ".root.__jsx-style-dynamic-selector{text-align:center;font-family:brandon-grotesque, sans-serif;color:#415671;}",
            ".title.__jsx-style-dynamic-selector{font-weight:300;text-transform:capitalize;}",
            ".pre-title.__jsx-style-dynamic-selector{display:block;text-transform:uppercase;font-weight:bold;-webkit-letter-spacing:2px;-moz-letter-spacing:2px;-ms-letter-spacing:2px;letter-spacing:2px;font-size:10px;margin-bottom:20px;}",
          ],
          "dynamic": Array [
            "brandon-grotesque, sans-serif",
            "#415671",
          ],
          "styleId": "3557219577",
        },
        "ref": null,
        "rendered": null,
        "type": [Function],
      },
    ],
    "type": "div",
  },
  Symbol(enzyme.__nodes__): Array [
    Object {
      "instance": null,
      "key": undefined,
      "nodeType": "host",
      "props": Object {
        "children": Array [
          <Medallion
            iconURL={
              Object {
                "process": [Function],
              }
            }
          />,
          <h2
            className="jsx-397832423 title"
          >
            <span
              className="jsx-397832423 pre-title"
            >
              A guide to
            </span>
            The solar system
          </h2>,
          <JSXStyle
            css={
              Array [
                ".root.__jsx-style-dynamic-selector{text-align:center;font-family:brandon-grotesque, sans-serif;color:#415671;}",
                ".title.__jsx-style-dynamic-selector{font-weight:300;text-transform:capitalize;}",
                ".pre-title.__jsx-style-dynamic-selector{display:block;text-transform:uppercase;font-weight:bold;-webkit-letter-spacing:2px;-moz-letter-spacing:2px;-ms-letter-spacing:2px;letter-spacing:2px;font-size:10px;margin-bottom:20px;}",
              ]
            }
            dynamic={
              Array [
                "brandon-grotesque, sans-serif",
                "#415671",
              ]
            }
            styleId="3557219577"
          />,
        ],
        "className": "jsx-397832423 root",
      },
      "ref": null,
      "rendered": Array [
        Object {
          "instance": null,
          "key": undefined,
          "nodeType": "function",
          "props": Object {
            "iconURL": Object {
              "process": [Function],
            },
          },
          "ref": null,
          "rendered": null,
          "type": [Function],
        },
        Object {
          "instance": null,
          "key": undefined,
          "nodeType": "host",
          "props": Object {
            "children": Array [
              <span
                className="jsx-397832423 pre-title"
              >
                A guide to
              </span>,
              "The solar system",
            ],
            "className": "jsx-397832423 title",
          },
          "ref": null,
          "rendered": Array [
            Object {
              "instance": null,
              "key": undefined,
              "nodeType": "host",
              "props": Object {
                "children": "A guide to",
                "className": "jsx-397832423 pre-title",
              },
              "ref": null,
              "rendered": "A guide to",
              "type": "span",
            },
            "The solar system",
          ],
          "type": "h2",
        },
        Object {
          "instance": null,
          "key": undefined,
          "nodeType": "class",
          "props": Object {
            "css": Array [
              ".root.__jsx-style-dynamic-selector{text-align:center;font-family:brandon-grotesque, sans-serif;color:#415671;}",
              ".title.__jsx-style-dynamic-selector{font-weight:300;text-transform:capitalize;}",
              ".pre-title.__jsx-style-dynamic-selector{display:block;text-transform:uppercase;font-weight:bold;-webkit-letter-spacing:2px;-moz-letter-spacing:2px;-ms-letter-spacing:2px;letter-spacing:2px;font-size:10px;margin-bottom:20px;}",
            ],
            "dynamic": Array [
              "brandon-grotesque, sans-serif",
              "#415671",
            ],
            "styleId": "3557219577",
          },
          "ref": null,
          "rendered": null,
          "type": [Function],
        },
      ],
      "type": "div",
    },
  ],
  Symbol(enzyme.__options__): Object {
    "adapter": ReactSixteenAdapter {
      "options": Object {
        "enableComponentDidUpdateOnSetState": true,
      },
    },
  },
}
`;
