// Jest Snapshot v1, https://goo.gl/fbAQLP

exports[`HowBig should render correctly 1`] = `
ShallowWrapper {
  "length": 1,
  Symbol(enzyme.__root__): [Circular],
  Symbol(enzyme.__unrendered__): <HowBig
    dimension={100}
    onComplete={[MockFunction]}
    referenceObject="SOLAR_SYSTEM"
    referenceObjectScale={1}
    targetObjectScale={1}
    targetObjectURL="https://vega.slooh.com/icons/community/human_spirit.svg"
  />,
  Symbol(enzyme.__renderer__): Object {
    "batchedUpdates": [Function],
    "getNode": [Function],
    "render": [Function],
    "simulateEvent": [Function],
    "unmount": [Function],
  },
  Symbol(enzyme.__node__): Object {
    "instance": null,
    "key": undefined,
    "nodeType": "host",
    "props": Object {
      "children": Array [
        <SVGText
          displayProperties={
            Object {
              "fontSize": "20px",
            }
          }
          text="HOW BIG?"
          x={50}
          y={0}
        />,
        <ScaleDown
          dimension={100}
          onComplete={[MockFunction]}
          referenceObject="SOLAR_SYSTEM"
          targetObjectScale={1}
          targetObjectURL="https://vega.slooh.com/icons/community/human_spirit.svg"
        />,
      ],
    },
    "ref": null,
    "rendered": Array [
      Object {
        "instance": null,
        "key": undefined,
        "nodeType": "function",
        "props": Object {
          "displayProperties": Object {
            "fontSize": "20px",
          },
          "text": "HOW BIG?",
          "x": 50,
          "y": 0,
        },
        "ref": null,
        "rendered": null,
        "type": [Function],
      },
      Object {
        "instance": null,
        "key": undefined,
        "nodeType": "class",
        "props": Object {
          "dimension": 100,
          "onComplete": [MockFunction],
          "referenceObject": "SOLAR_SYSTEM",
          "targetObjectScale": 1,
          "targetObjectURL": "https://vega.slooh.com/icons/community/human_spirit.svg",
        },
        "ref": null,
        "rendered": null,
        "type": [Function],
      },
    ],
    "type": "g",
  },
  Symbol(enzyme.__nodes__): Array [
    Object {
      "instance": null,
      "key": undefined,
      "nodeType": "host",
      "props": Object {
        "children": Array [
          <SVGText
            displayProperties={
              Object {
                "fontSize": "20px",
              }
            }
            text="HOW BIG?"
            x={50}
            y={0}
          />,
          <ScaleDown
            dimension={100}
            onComplete={[MockFunction]}
            referenceObject="SOLAR_SYSTEM"
            targetObjectScale={1}
            targetObjectURL="https://vega.slooh.com/icons/community/human_spirit.svg"
          />,
        ],
      },
      "ref": null,
      "rendered": Array [
        Object {
          "instance": null,
          "key": undefined,
          "nodeType": "function",
          "props": Object {
            "displayProperties": Object {
              "fontSize": "20px",
            },
            "text": "HOW BIG?",
            "x": 50,
            "y": 0,
          },
          "ref": null,
          "rendered": null,
          "type": [Function],
        },
        Object {
          "instance": null,
          "key": undefined,
          "nodeType": "class",
          "props": Object {
            "dimension": 100,
            "onComplete": [MockFunction],
            "referenceObject": "SOLAR_SYSTEM",
            "targetObjectScale": 1,
            "targetObjectURL": "https://vega.slooh.com/icons/community/human_spirit.svg",
          },
          "ref": null,
          "rendered": null,
          "type": [Function],
        },
      ],
      "type": "g",
    },
  ],
  Symbol(enzyme.__options__): Object {
    "adapter": ReactSixteenAdapter {
      "options": Object {
        "enableComponentDidUpdateOnSetState": true,
      },
    },
  },
}
`;
