// Jest Snapshot v1, https://goo.gl/fbAQLP

exports[`ScaleDown initialization should render correctly 1`] = `
ShallowWrapper {
  "length": 1,
  Symbol(enzyme.__root__): [Circular],
  Symbol(enzyme.__unrendered__): <ScaleDown
    dimension={500}
    onComplete={[MockFunction]}
    referenceObject="SOLAR_SYSTEM"
    targetObjectScale={0.34}
    targetObjectURL="https://vega.slooh.com/icons/community/human_spirit.svg"
  />,
  Symbol(enzyme.__renderer__): Object {
    "batchedUpdates": [Function],
    "getNode": [Function],
    "render": [Function],
    "simulateEvent": [Function],
    "unmount": [Function],
  },
  Symbol(enzyme.__node__): Object {
    "instance": null,
    "key": undefined,
    "nodeType": "host",
    "props": Object {
      "children": Array [
        <ObjectFrame
          scale={1}
          svgURL={
            Object {
              "process": [Function],
            }
          }
          x={0}
          y={0}
        />,
        <ObjectFrame
          scale={1}
          x={0}
          y={0}
        />,
      ],
    },
    "ref": null,
    "rendered": Array [
      Object {
        "instance": null,
        "key": undefined,
        "nodeType": "function",
        "props": Object {
          "scale": 1,
          "svgURL": Object {
            "process": [Function],
          },
          "x": 0,
          "y": 0,
        },
        "ref": null,
        "rendered": null,
        "type": [Function],
      },
      Object {
        "instance": null,
        "key": undefined,
        "nodeType": "function",
        "props": Object {
          "scale": 1,
          "x": 0,
          "y": 0,
        },
        "ref": null,
        "rendered": null,
        "type": [Function],
      },
    ],
    "type": "g",
  },
  Symbol(enzyme.__nodes__): Array [
    Object {
      "instance": null,
      "key": undefined,
      "nodeType": "host",
      "props": Object {
        "children": Array [
          <ObjectFrame
            scale={1}
            svgURL={
              Object {
                "process": [Function],
              }
            }
            x={0}
            y={0}
          />,
          <ObjectFrame
            scale={1}
            x={0}
            y={0}
          />,
        ],
      },
      "ref": null,
      "rendered": Array [
        Object {
          "instance": null,
          "key": undefined,
          "nodeType": "function",
          "props": Object {
            "scale": 1,
            "svgURL": Object {
              "process": [Function],
            },
            "x": 0,
            "y": 0,
          },
          "ref": null,
          "rendered": null,
          "type": [Function],
        },
        Object {
          "instance": null,
          "key": undefined,
          "nodeType": "function",
          "props": Object {
            "scale": 1,
            "x": 0,
            "y": 0,
          },
          "ref": null,
          "rendered": null,
          "type": [Function],
        },
      ],
      "type": "g",
    },
  ],
  Symbol(enzyme.__options__): Object {
    "adapter": ReactSixteenAdapter {
      "options": Object {
        "enableComponentDidUpdateOnSetState": true,
      },
    },
  },
}
`;
