// Jest Snapshot v1, https://goo.gl/fbAQLP

exports[`ScaleUp rendering should render correctly 1`] = `
ShallowWrapper {
  "length": 1,
  Symbol(enzyme.__root__): [Circular],
  Symbol(enzyme.__unrendered__): <ScaleUp
    dimension={500}
    missionTargetID={2}
    onComplete={[Function]}
    referenceObject="SOLAR_SYSTEM"
    referenceObjectScale={0.34}
    targetObjectName="Test object"
    targetObjectScale={1}
    targetObjectURL="https://vega.slooh.com/icons/nav/menu-help.svg"
  />,
  Symbol(enzyme.__renderer__): Object {
    "batchedUpdates": [Function],
    "getNode": [Function],
    "render": [Function],
    "simulateEvent": [Function],
    "unmount": [Function],
  },
  Symbol(enzyme.__node__): Object {
    "instance": null,
    "key": undefined,
    "nodeType": "host",
    "props": Object {
      "children": Array [
        <FadeSVG
          isHidden={true}
        >
          <ObjectFrame
            height={400}
            onLoadCallback={[Function]}
            svgURL={
              Object {
                "process": [Function],
              }
            }
            width={400}
            x={0}
            y={0}
          />
          <SVGText
            displayProperties={
              Object {
                "fill": "aqua",
                "fontFamily": "monospace",
                "fontSize": "20px",
              }
            }
            text="Foo"
            x={0}
            y={0}
          />
        </FadeSVG>,
        <g>
          <SVGText
            displayProperties={
              Object {
                "fill": "aqua",
                "fontFamily": "monospace",
                "fontSize": "20px",
              }
            }
            text="Foo"
            x={0}
            y={0}
          />
        </g>,
      ],
      "style": Object {
        "transform": "translate(50px, 50px) scale(1)",
        "transformOrigin": "center",
      },
    },
    "ref": null,
    "rendered": Array [
      Object {
        "instance": null,
        "key": undefined,
        "nodeType": "function",
        "props": Object {
          "children": Array [
            <ObjectFrame
              height={400}
              onLoadCallback={[Function]}
              svgURL={
                Object {
                  "process": [Function],
                }
              }
              width={400}
              x={0}
              y={0}
            />,
            <SVGText
              displayProperties={
                Object {
                  "fill": "aqua",
                  "fontFamily": "monospace",
                  "fontSize": "20px",
                }
              }
              text="Foo"
              x={0}
              y={0}
            />,
          ],
          "isHidden": true,
        },
        "ref": null,
        "rendered": Array [
          Object {
            "instance": null,
            "key": undefined,
            "nodeType": "function",
            "props": Object {
              "height": 400,
              "onLoadCallback": [Function],
              "svgURL": Object {
                "process": [Function],
              },
              "width": 400,
              "x": 0,
              "y": 0,
            },
            "ref": null,
            "rendered": null,
            "type": [Function],
          },
          Object {
            "instance": null,
            "key": undefined,
            "nodeType": "function",
            "props": Object {
              "displayProperties": Object {
                "fill": "aqua",
                "fontFamily": "monospace",
                "fontSize": "20px",
              },
              "text": "Foo",
              "x": 0,
              "y": 0,
            },
            "ref": null,
            "rendered": null,
            "type": [Function],
          },
        ],
        "type": [Function],
      },
      Object {
        "instance": null,
        "key": undefined,
        "nodeType": "host",
        "props": Object {
          "children": <SVGText
            displayProperties={
              Object {
                "fill": "aqua",
                "fontFamily": "monospace",
                "fontSize": "20px",
              }
            }
            text="Foo"
            x={0}
            y={0}
          />,
        },
        "ref": null,
        "rendered": Object {
          "instance": null,
          "key": undefined,
          "nodeType": "function",
          "props": Object {
            "displayProperties": Object {
              "fill": "aqua",
              "fontFamily": "monospace",
              "fontSize": "20px",
            },
            "text": "Foo",
            "x": 0,
            "y": 0,
          },
          "ref": null,
          "rendered": null,
          "type": [Function],
        },
        "type": "g",
      },
    ],
    "type": "g",
  },
  Symbol(enzyme.__nodes__): Array [
    Object {
      "instance": null,
      "key": undefined,
      "nodeType": "host",
      "props": Object {
        "children": Array [
          <FadeSVG
            isHidden={true}
          >
            <ObjectFrame
              height={400}
              onLoadCallback={[Function]}
              svgURL={
                Object {
                  "process": [Function],
                }
              }
              width={400}
              x={0}
              y={0}
            />
            <SVGText
              displayProperties={
                Object {
                  "fill": "aqua",
                  "fontFamily": "monospace",
                  "fontSize": "20px",
                }
              }
              text="Foo"
              x={0}
              y={0}
            />
          </FadeSVG>,
          <g>
            <SVGText
              displayProperties={
                Object {
                  "fill": "aqua",
                  "fontFamily": "monospace",
                  "fontSize": "20px",
                }
              }
              text="Foo"
              x={0}
              y={0}
            />
          </g>,
        ],
        "style": Object {
          "transform": "translate(50px, 50px) scale(1)",
          "transformOrigin": "center",
        },
      },
      "ref": null,
      "rendered": Array [
        Object {
          "instance": null,
          "key": undefined,
          "nodeType": "function",
          "props": Object {
            "children": Array [
              <ObjectFrame
                height={400}
                onLoadCallback={[Function]}
                svgURL={
                  Object {
                    "process": [Function],
                  }
                }
                width={400}
                x={0}
                y={0}
              />,
              <SVGText
                displayProperties={
                  Object {
                    "fill": "aqua",
                    "fontFamily": "monospace",
                    "fontSize": "20px",
                  }
                }
                text="Foo"
                x={0}
                y={0}
              />,
            ],
            "isHidden": true,
          },
          "ref": null,
          "rendered": Array [
            Object {
              "instance": null,
              "key": undefined,
              "nodeType": "function",
              "props": Object {
                "height": 400,
                "onLoadCallback": [Function],
                "svgURL": Object {
                  "process": [Function],
                },
                "width": 400,
                "x": 0,
                "y": 0,
              },
              "ref": null,
              "rendered": null,
              "type": [Function],
            },
            Object {
              "instance": null,
              "key": undefined,
              "nodeType": "function",
              "props": Object {
                "displayProperties": Object {
                  "fill": "aqua",
                  "fontFamily": "monospace",
                  "fontSize": "20px",
                },
                "text": "Foo",
                "x": 0,
                "y": 0,
              },
              "ref": null,
              "rendered": null,
              "type": [Function],
            },
          ],
          "type": [Function],
        },
        Object {
          "instance": null,
          "key": undefined,
          "nodeType": "host",
          "props": Object {
            "children": <SVGText
              displayProperties={
                Object {
                  "fill": "aqua",
                  "fontFamily": "monospace",
                  "fontSize": "20px",
                }
              }
              text="Foo"
              x={0}
              y={0}
            />,
          },
          "ref": null,
          "rendered": Object {
            "instance": null,
            "key": undefined,
            "nodeType": "function",
            "props": Object {
              "displayProperties": Object {
                "fill": "aqua",
                "fontFamily": "monospace",
                "fontSize": "20px",
              },
              "text": "Foo",
              "x": 0,
              "y": 0,
            },
            "ref": null,
            "rendered": null,
            "type": [Function],
          },
          "type": "g",
        },
      ],
      "type": "g",
    },
  ],
  Symbol(enzyme.__options__): Object {
    "adapter": ReactSixteenAdapter {
      "options": Object {
        "enableComponentDidUpdateOnSetState": true,
      },
    },
  },
}
`;
