// Jest Snapshot v1, https://goo.gl/fbAQLP

exports[`AutoFadeSVG should render correctly 1`] = `
ShallowWrapper {
  "length": 1,
  Symbol(enzyme.__root__): [Circular],
  Symbol(enzyme.__unrendered__): <AutoFadeSVG
    duration={5}
  >
    <g
      className="test-container"
    />
  </AutoFadeSVG>,
  Symbol(enzyme.__renderer__): Object {
    "batchedUpdates": [Function],
    "getNode": [Function],
    "render": [Function],
    "simulateEvent": [Function],
    "unmount": [Function],
  },
  Symbol(enzyme.__node__): Object {
    "instance": null,
    "key": undefined,
    "nodeType": "host",
    "props": Object {
      "children": Array [
        <g
          className="test-container"
        />,
        <JSXStyle
          css={
            Array [
              "@-webkit-keyframes FADE-IN-jsx-2862676604{0%{opacity:0;}100%{opacity:1;}}",
              "@keyframes FADE-IN-jsx-2862676604{0%{opacity:0;}100%{opacity:1;}}",
            ]
          }
          styleId="2862676604"
        />,
      ],
      "className": "jsx-2862676604 auto-fade-svg",
      "style": Object {
        "animation": "FADE-IN 5s infinite",
      },
    },
    "ref": null,
    "rendered": Array [
      Object {
        "instance": null,
        "key": undefined,
        "nodeType": "host",
        "props": Object {
          "className": "test-container",
        },
        "ref": null,
        "rendered": null,
        "type": "g",
      },
      Object {
        "instance": null,
        "key": undefined,
        "nodeType": "class",
        "props": Object {
          "css": Array [
            "@-webkit-keyframes FADE-IN-jsx-2862676604{0%{opacity:0;}100%{opacity:1;}}",
            "@keyframes FADE-IN-jsx-2862676604{0%{opacity:0;}100%{opacity:1;}}",
          ],
          "styleId": "2862676604",
        },
        "ref": null,
        "rendered": null,
        "type": [Function],
      },
    ],
    "type": "g",
  },
  Symbol(enzyme.__nodes__): Array [
    Object {
      "instance": null,
      "key": undefined,
      "nodeType": "host",
      "props": Object {
        "children": Array [
          <g
            className="test-container"
          />,
          <JSXStyle
            css={
              Array [
                "@-webkit-keyframes FADE-IN-jsx-2862676604{0%{opacity:0;}100%{opacity:1;}}",
                "@keyframes FADE-IN-jsx-2862676604{0%{opacity:0;}100%{opacity:1;}}",
              ]
            }
            styleId="2862676604"
          />,
        ],
        "className": "jsx-2862676604 auto-fade-svg",
        "style": Object {
          "animation": "FADE-IN 5s infinite",
        },
      },
      "ref": null,
      "rendered": Array [
        Object {
          "instance": null,
          "key": undefined,
          "nodeType": "host",
          "props": Object {
            "className": "test-container",
          },
          "ref": null,
          "rendered": null,
          "type": "g",
        },
        Object {
          "instance": null,
          "key": undefined,
          "nodeType": "class",
          "props": Object {
            "css": Array [
              "@-webkit-keyframes FADE-IN-jsx-2862676604{0%{opacity:0;}100%{opacity:1;}}",
              "@keyframes FADE-IN-jsx-2862676604{0%{opacity:0;}100%{opacity:1;}}",
            ],
            "styleId": "2862676604",
          },
          "ref": null,
          "rendered": null,
          "type": [Function],
        },
      ],
      "type": "g",
    },
  ],
  Symbol(enzyme.__options__): Object {
    "adapter": ReactSixteenAdapter {
      "options": Object {
        "enableComponentDidUpdateOnSetState": true,
      },
    },
  },
}
`;
