// Jest Snapshot v1, https://goo.gl/fbAQLP

exports[`it should render a header 1`] = `
<div
  className="communityPostHeader"
  data-jsx={190455770}
>
  <div
    className="left-container"
    data-jsx={190455770}
  >
    <div
      className="title"
      data-jsx={190455770}
    >
      <h1
        className="title-text"
        dangerouslySetInnerHTML={
          Object {
            "__html": "",
          }
        }
        data-jsx={190455770}
      />
    </div>
    <div
      className="subtitle"
      dangerouslySetInnerHTML={
        Object {
          "__html": "",
        }
      }
      data-jsx={190455770}
    />
  </div>
  <div
    className="additional"
    data-jsx={190455770}
  >
    <div
      className="button-nav"
      data-jsx={190455770}
    >
      <span
        className="action-button"
        data-jsx={190455770}
      >
        <a
          className="button btn-primary"
          onClick={[Function]}
          style={Object {}}
        >
          Schedule Telescope
        </a>
      </span>
    </div>
  </div>
</div>
`;
