// Jest Snapshot v1, https://goo.gl/fbAQLP

exports[`it should render a header 1`] = `
<div
  className="jsx-15604483 communityPostHeader"
>
  <div
    className="jsx-15604483 left-container"
  >
    <div
      className="jsx-15604483 title"
    >
      <h1
        className="jsx-15604483 title-text"
        dangerouslySetInnerHTML={
          Object {
            "__html": "",
          }
        }
      />
    </div>
    <div
      className="jsx-15604483 subtitle"
      dangerouslySetInnerHTML={
        Object {
          "__html": "",
        }
      }
    />
  </div>
  <div
    className="jsx-15604483 additional"
  >
    <div
      className="jsx-15604483 button-nav"
    >
      <span
        className="jsx-15604483 action-button"
      >
        <a
          className="button btn-primary"
          onClick={[Function]}
          style={Object {}}
        >
          Schedule Telescope
        </a>
      </span>
    </div>
  </div>
</div>
`;
