// Jest Snapshot v1, https://goo.gl/fbAQLP

exports[`should render a list of links 1`] = `
<div
  className="jsx-557664041 navigation-root"
>
  <ul
    className="jsx-557664041 navigation"
  >
    <li
      className="jsx-557664041 item"
    >
      <a
        onClick={[Function]}
        style={Object {}}
      >
        <span
          className="jsx-557664041 link"
        >
          Overview
        </span>
      </a>
    </li>
    <li
      className="jsx-557664041 item"
    >
      <a
        onClick={[Function]}
        style={Object {}}
      >
        <span
          className="jsx-557664041 link"
        >
          Ask an Astronomer
        </span>
      </a>
    </li>
  </ul>
</div>
`;

exports[`should render nothing when no links 1`] = `
<div
  className="jsx-557664041 navigation-root"
>
  <ul
    className="jsx-557664041 navigation"
  />
</div>
`;
