// Jest Snapshot v1, https://goo.gl/fbAQLP

exports[`<Mission /> should render a missions title and image 1`] = `
<div
  className="jsx-1351525567 root"
>
  <div
    className="jsx-1351525567 imageIcon"
  >
    <img
      alt="Mission target icon"
      className="jsx-1351525567 icon"
      src="https://vega.slooh.com/icons/reservations/not_available_w.svg"
      width="50"
    />
  </div>
  <div
    className="jsx-1351525567 missionDetails"
  >
    <h4
      className="jsx-1351525567 title"
    >
      Andromeda Galaxy
    </h4>
    <h5
      className="jsx-1351525567 upcomingStart"
    >
      <span>
        11:20pm EDT
         · 
        8:20pm PDT
         · 
        03:20 UTC
      </span>
    </h5>
  </div>
  <style
    jsx={true}
  >
    
      .root {
        display: flex;
        padding: 0;
        position: relative;
        border-bottom: 1px solid #9B9B9B;
      }

      .imageIcon {
        position: relative;
        padding: 10px 0 0 10px;
        margin-right: 10px;
        background: #3C4A55;
        min-width: 70px;
      }

      .icon {
        position: absolute;
        top: 50%;
        transform: translateY(-50%);
      }

      .missionDetails {
        padding: 10px 5px 10px 0;
      }

      .title {
        color: #F310A7;
        text-transform: none;
      }

      .upcomingStart {
        color: #fff;
        font-size: 12px;
        font-weight: normal;
      }
    
  </style>
</div>
`;
