// Jest Snapshot v1, https://goo.gl/fbAQLP

exports[`LailaTile should render correctly 1`] = `
ShallowWrapper {
  "length": 1,
  Symbol(enzyme.__root__): [Circular],
  Symbol(enzyme.__unrendered__): <LailaTile />,
  Symbol(enzyme.__renderer__): Object {
    "batchedUpdates": [Function],
    "getNode": [Function],
    "render": [Function],
    "simulateEvent": [Function],
    "unmount": [Function],
  },
  Symbol(enzyme.__node__): Object {
    "instance": null,
    "key": undefined,
    "nodeType": "host",
    "props": Object {
      "children": Array [
        <h5
          className="jsx-2105533025 title"
        />,
        <a
          className="jsx-2105533025 button"
          href="#"
        >
          Explore now
        </a>,
        <JSXStyle
          css={
            Array [
              ".root.jsx-2105533025{width:300px;box-shadow:0px 0px 15px 1px rgba(65,86,113,.2);color:#415671;list-style-type:none;background:url(https://vega.slooh.com/assets/v4/common/LightBlueDiamondPattern_NO_TEXTURE.png);background-size:30px;}",
              ".title.jsx-2105533025{font-family:adobe-garamond-pro, serif;}",
              ".button.jsx-2105533025{color:#415671;-webkit-text-decoration:none;text-decoration:none;font-family:brandon-grotesque, sans-serif;}",
            ]
          }
          styleId="2105533025"
        />,
      ],
      "className": "jsx-2105533025 root",
    },
    "ref": null,
    "rendered": Array [
      Object {
        "instance": null,
        "key": undefined,
        "nodeType": "host",
        "props": Object {
          "children": undefined,
          "className": "jsx-2105533025 title",
        },
        "ref": null,
        "rendered": null,
        "type": "h5",
      },
      Object {
        "instance": null,
        "key": undefined,
        "nodeType": "host",
        "props": Object {
          "children": "Explore now",
          "className": "jsx-2105533025 button",
          "href": "#",
        },
        "ref": null,
        "rendered": "Explore now",
        "type": "a",
      },
      Object {
        "instance": null,
        "key": undefined,
        "nodeType": "class",
        "props": Object {
          "css": Array [
            ".root.jsx-2105533025{width:300px;box-shadow:0px 0px 15px 1px rgba(65,86,113,.2);color:#415671;list-style-type:none;background:url(https://vega.slooh.com/assets/v4/common/LightBlueDiamondPattern_NO_TEXTURE.png);background-size:30px;}",
            ".title.jsx-2105533025{font-family:adobe-garamond-pro, serif;}",
            ".button.jsx-2105533025{color:#415671;-webkit-text-decoration:none;text-decoration:none;font-family:brandon-grotesque, sans-serif;}",
          ],
          "styleId": "2105533025",
        },
        "ref": null,
        "rendered": null,
        "type": [Function],
      },
    ],
    "type": "li",
  },
  Symbol(enzyme.__nodes__): Array [
    Object {
      "instance": null,
      "key": undefined,
      "nodeType": "host",
      "props": Object {
        "children": Array [
          <h5
            className="jsx-2105533025 title"
          />,
          <a
            className="jsx-2105533025 button"
            href="#"
          >
            Explore now
          </a>,
          <JSXStyle
            css={
              Array [
                ".root.jsx-2105533025{width:300px;box-shadow:0px 0px 15px 1px rgba(65,86,113,.2);color:#415671;list-style-type:none;background:url(https://vega.slooh.com/assets/v4/common/LightBlueDiamondPattern_NO_TEXTURE.png);background-size:30px;}",
                ".title.jsx-2105533025{font-family:adobe-garamond-pro, serif;}",
                ".button.jsx-2105533025{color:#415671;-webkit-text-decoration:none;text-decoration:none;font-family:brandon-grotesque, sans-serif;}",
              ]
            }
            styleId="2105533025"
          />,
        ],
        "className": "jsx-2105533025 root",
      },
      "ref": null,
      "rendered": Array [
        Object {
          "instance": null,
          "key": undefined,
          "nodeType": "host",
          "props": Object {
            "children": undefined,
            "className": "jsx-2105533025 title",
          },
          "ref": null,
          "rendered": null,
          "type": "h5",
        },
        Object {
          "instance": null,
          "key": undefined,
          "nodeType": "host",
          "props": Object {
            "children": "Explore now",
            "className": "jsx-2105533025 button",
            "href": "#",
          },
          "ref": null,
          "rendered": "Explore now",
          "type": "a",
        },
        Object {
          "instance": null,
          "key": undefined,
          "nodeType": "class",
          "props": Object {
            "css": Array [
              ".root.jsx-2105533025{width:300px;box-shadow:0px 0px 15px 1px rgba(65,86,113,.2);color:#415671;list-style-type:none;background:url(https://vega.slooh.com/assets/v4/common/LightBlueDiamondPattern_NO_TEXTURE.png);background-size:30px;}",
              ".title.jsx-2105533025{font-family:adobe-garamond-pro, serif;}",
              ".button.jsx-2105533025{color:#415671;-webkit-text-decoration:none;text-decoration:none;font-family:brandon-grotesque, sans-serif;}",
            ],
            "styleId": "2105533025",
          },
          "ref": null,
          "rendered": null,
          "type": [Function],
        },
      ],
      "type": "li",
    },
  ],
  Symbol(enzyme.__options__): Object {
    "adapter": ReactSixteenAdapter {
      "options": Object {
        "enableComponentDidUpdateOnSetState": true,
      },
    },
  },
}
`;
