// Jest Snapshot v1, https://goo.gl/fbAQLP

exports[`it should render a menu 1`] = `
<div
  className="jsx-1550548916 pulseListHeader"
>
  <div
    className="jsx-1550548916 title"
  >
    <h1
      className="jsx-1550548916 header-title"
      dangerouslySetInnerHTML={
        Object {
          "__html": "",
        }
      }
    />
    <div
      className="jsx-1550548916 header-subtitle"
      dangerouslySetInnerHTML={
        Object {
          "__html": "",
        }
      }
    />
  </div>
</div>
`;
