// Jest Snapshot v1, https://goo.gl/fbAQLP

exports[`it should render a menu 1`] = `
<div
  className="pulseListHeader"
  data-jsx={835320471}
>
  <div
    className="title"
    data-jsx={835320471}
  >
    <h1
      className="header-title"
      dangerouslySetInnerHTML={
        Object {
          "__html": "",
        }
      }
      data-jsx={835320471}
    />
    <div
      className="header-subtitle"
      dangerouslySetInnerHTML={
        Object {
          "__html": "",
        }
      }
      data-jsx={835320471}
    />
  </div>
</div>
`;
