// Jest Snapshot v1, https://goo.gl/fbAQLP

exports[`should render a container when an image url is provided 1`] = `
<div
  className="root"
  data-jsx={2758523860}
  style={
    Object {
      "backgroundImage": "url(foo.jpg)",
      "height": "50px",
      "width": "50px",
    }
  }
/>
`;

exports[`should render nothing when no imageURL is provided 1`] = `null`;
