// Jest Snapshot v1, https://goo.gl/fbAQLP

exports[`should render a container when an image url is provided 1`] = `
<div
  className="root"
  data-jsx={4151419416}
  data-jsx-ext={undefined}
  style={
    Object {
      "backgroundImage": "url(foo.jpg)",
    }
  }
>
  <style
    jsx={true}
  >
    
      background-repeat: no-repeat;
      background-position: center;
      -webkit-background-size: cover;
      -moz-background-size: cover;
      -o-background-size: cover;
      background-size: cover;
    
  </style>
  <style
    jsx={true}
  >
    
            .root {
              width: 100%;
              height: 100%;
            }
          
  </style>
</div>
`;

exports[`should render nothing when no imageURL is provided 1`] = `null`;
