// Jest Snapshot v1, https://goo.gl/fbAQLP

exports[`GuideSection should render correctly 1`] = `
ShallowWrapper {
  "length": 1,
  Symbol(enzyme.__root__): [Circular],
  Symbol(enzyme.__unrendered__): <GuideSection
    alignContent="left"
    column={[Function]}
    content="Mauris non tempor quam, et lacinia sapien. Mauris accumsan eros eget libero lorem posuere vulputate. Etiam elit elit, elementum sed varius at, adipiscing evitae est. Sed nec felis loren posuere posuere, rutrum eu ipsum. Aliquam eget odio sed ligula dolae iaculis consequat at eget orci. Mauris moleistie sit amet metus loi mass imattis varius Donec sit amet ligula eget nisi sodales lorem a molestie bibendum. Etiam nisi anteni consectetur eget placerat a, tempus a neque. Donec ut elit urna. Etiam venenatis leni eleifend urna eget scelerisqueliquam in nunc.

Donec sit amet ligula eget nisi sodales egestas. Aliquam interdum dolor aliquet dolor  iaculis consequat at eget orci. Mauris moleistie sit amet metus loi mass imattis varius Donec sit amet ligula eget nisi sodales lorem a molestie bibendum. Etiam nisi anteni
posuere vulputate. Etiam elit elit, elementum sed varius at."
    contentAlign="left"
  />,
  Symbol(enzyme.__renderer__): Object {
    "batchedUpdates": [Function],
    "getNode": [Function],
    "render": [Function],
    "simulateEvent": [Function],
    "unmount": [Function],
  },
  Symbol(enzyme.__node__): Object {
    "instance": null,
    "key": undefined,
    "nodeType": "host",
    "props": Object {},
    "ref": null,
    "rendered": null,
    "type": "div",
  },
  Symbol(enzyme.__nodes__): Array [
    Object {
      "instance": null,
      "key": undefined,
      "nodeType": "host",
      "props": Object {},
      "ref": null,
      "rendered": null,
      "type": "div",
    },
  ],
  Symbol(enzyme.__options__): Object {
    "adapter": ReactSixteenAdapter {
      "options": Object {
        "enableComponentDidUpdateOnSetState": true,
      },
    },
  },
}
`;
